renderer/lib/hooks/useConfirmDialog.tsx(69,9): error TS2322: Type 'string' is not assignable to type '"default" | "link" | "destructive" | "outline" | "secondary" | "ghost" | undefined'.
renderer/lib/hooks/useConfirmDialog.tsx(94,50): error TS7006: Parameter 'open' implicitly has an 'any' type.
renderer/routes/Dashboard/useDashboard.ts(10,1): error TS6133: 'TestPlan' is declared but its value is never read.
renderer/routes/PlanDetails/usePlanDetails.ts(9,39): error TS6196: 'ActionPlugin' is declared but never used.
renderer/routes/PlanDetails/usePlanDetails.ts(11,50): error TS6133: 'onNavigate' is declared but its value is never read.
